<?xml version="1.0" encoding="utf-8"?><testsuite errors="0" failures="0" name="pytest" skips="1" tests="62" time="0.216"><testcase classname="tests.func.test_add" file="tests/func/test_add.py" line="7" name="test_add_returns_valid_id" time="0.00996589660645"></testcase><testcase classname="tests.func.test_add" file="tests/func/test_add.py" line="17" name="test_added_task_has_id_set" time="0.00157904624939"></testcase><testcase classname="tests.func.test_add" file="tests/func/test_add.py" line="36" name="test_add_increases_count" time="0.00313210487366"></testcase><testcase classname="tests.func.test_add_variety" file="tests/func/test_add_variety.py" line="7" name="test_add_1" time="0.00158596038818"></testcase><testcase classname="tests.func.test_add_variety" file="tests/func/test_add_variety.py" line="24" name="test_add_2[task0]" time="0.00152516365051"></testcase><testcase classname="tests.func.test_add_variety" file="tests/func/test_add_variety.py" line="24" name="test_add_2[task1]" time="0.00143885612488"></testcase><testcase classname="tests.func.test_add_variety" file="tests/func/test_add_variety.py" line="24" name="test_add_2[task2]" time="0.00149393081665"></testcase><testcase classname="tests.func.test_add_variety" file="tests/func/test_add_variety.py" line="24" name="test_add_2[task3]" time="0.00152897834778"></testcase><testcase classname="tests.func.test_add_variety" file="tests/func/test_add_variety.py" line="36" name="test_add_3[sleep-None-False]" time="0.00168108940125"></testcase><testcase classname="tests.func.test_add_variety" file="tests/func/test_add_variety.py" line="36" name="test_add_3[wake-brian-False]" time="0.00163984298706"></testcase><testcase classname="tests.func.test_add_variety" file="tests/func/test_add_variety.py" line="36" name="test_add_3[breathe-BRIAN-True]" time="0.00261378288269"></testcase><testcase classname="tests.func.test_add_variety" file="tests/func/test_add_variety.py" line="36" name="test_add_3[eat eggs-BrIaN-False]" time="0.00181484222412"></testcase><testcase classname="tests.func.test_add_variety" file="tests/func/test_add_variety.py" line="56" name="test_add_4[task0]" time="0.00295090675354"></testcase><testcase classname="tests.func.test_add_variety" file="tests/func/test_add_variety.py" line="56" name="test_add_4[task1]" time="0.00187110900879"></testcase><testcase classname="tests.func.test_add_variety" file="tests/func/test_add_variety.py" line="56" name="test_add_4[task2]" time="0.00175309181213"></testcase><testcase classname="tests.func.test_add_variety" file="tests/func/test_add_variety.py" line="56" name="test_add_4[task3]" time="0.00165271759033"></testcase><testcase classname="tests.func.test_add_variety" file="tests/func/test_add_variety.py" line="68" name="test_add_5[Task(sleep,None,True)]" time="0.00125622749329"></testcase><testcase classname="tests.func.test_add_variety" file="tests/func/test_add_variety.py" line="68" name="test_add_5[Task(wake,brian,False)]" time="0.00125098228455"></testcase><testcase classname="tests.func.test_add_variety" file="tests/func/test_add_variety.py" line="68" name="test_add_5[Task(breathe,BRIAN,True)]" time="0.00123190879822"></testcase><testcase classname="tests.func.test_add_variety" file="tests/func/test_add_variety.py" line="68" name="test_add_5[Task(exercise,BrIaN,False)]" time="0.00128579139709"></testcase><testcase classname="tests.func.test_add_variety" file="tests/func/test_add_variety.py" line="76" name="test_add_6[just summary]" time="0.00109481811523"></testcase><testcase classname="tests.func.test_add_variety" file="tests/func/test_add_variety.py" line="76" name="test_add_6[summary/owner]" time="0.00127601623535"></testcase><testcase classname="tests.func.test_add_variety" file="tests/func/test_add_variety.py" line="76" name="test_add_6[summary/owner/done]" time="0.00131011009216"></testcase><testcase classname="tests.func.test_add_variety.TestAdd" file="tests/func/test_add_variety.py" line="91" name="test_equivalent[Task(sleep,None,True)]" time="0.00180101394653"></testcase><testcase classname="tests.func.test_add_variety.TestAdd" file="tests/func/test_add_variety.py" line="91" name="test_equivalent[Task(wake,brian,False)]" time="0.0016040802002"></testcase><testcase classname="tests.func.test_add_variety.TestAdd" file="tests/func/test_add_variety.py" line="91" name="test_equivalent[Task(breathe,BRIAN,True)]" time="0.00153779983521"></testcase><testcase classname="tests.func.test_add_variety.TestAdd" file="tests/func/test_add_variety.py" line="91" name="test_equivalent[Task(exercise,BrIaN,False)]" time="0.00164103507996"></testcase><testcase classname="tests.func.test_add_variety.TestAdd" file="tests/func/test_add_variety.py" line="97" name="test_valid_id[Task(sleep,None,True)]" time="0.00157308578491"></testcase><testcase classname="tests.func.test_add_variety.TestAdd" file="tests/func/test_add_variety.py" line="97" name="test_valid_id[Task(wake,brian,False)]" time="0.00168871879578"></testcase><testcase classname="tests.func.test_add_variety.TestAdd" file="tests/func/test_add_variety.py" line="97" name="test_valid_id[Task(breathe,BRIAN,True)]" time="0.00178790092468"></testcase><testcase classname="tests.func.test_add_variety.TestAdd" file="tests/func/test_add_variety.py" line="97" name="test_valid_id[Task(exercise,BrIaN,False)]" time="0.00180506706238"></testcase><testcase classname="tests.func.test_add_variety2" file="tests/func/test_add_variety2.py" line="28" name="test_add_a[a_task0]" time="0.00170397758484"></testcase><testcase classname="tests.func.test_add_variety2" file="tests/func/test_add_variety2.py" line="28" name="test_add_a[a_task1]" time="0.0015230178833"></testcase><testcase classname="tests.func.test_add_variety2" file="tests/func/test_add_variety2.py" line="28" name="test_add_a[a_task2]" time="0.00156712532043"></testcase><testcase classname="tests.func.test_add_variety2" file="tests/func/test_add_variety2.py" line="28" name="test_add_a[a_task3]" time="0.00146198272705"></testcase><testcase classname="tests.func.test_add_variety2" file="tests/func/test_add_variety2.py" line="41" name="test_add_b[Task(sleep,None,True)]" time="0.0014979839325"></testcase><testcase classname="tests.func.test_add_variety2" file="tests/func/test_add_variety2.py" line="41" name="test_add_b[Task(wake,brian,False)]" time="0.00150012969971"></testcase><testcase classname="tests.func.test_add_variety2" file="tests/func/test_add_variety2.py" line="41" name="test_add_b[Task(breathe,BRIAN,True)]" time="0.00243186950684"></testcase><testcase classname="tests.func.test_add_variety2" file="tests/func/test_add_variety2.py" line="41" name="test_add_b[Task(exercise,BrIaN,False)]" time="0.00165581703186"></testcase><testcase classname="tests.func.test_add_variety2" file="tests/func/test_add_variety2.py" line="60" name="test_add_c[Task(sleep,None,True)]" time="0.00156021118164"></testcase><testcase classname="tests.func.test_add_variety2" file="tests/func/test_add_variety2.py" line="60" name="test_add_c[Task(wake,brian,False)]" time="0.00157022476196"></testcase><testcase classname="tests.func.test_add_variety2" file="tests/func/test_add_variety2.py" line="60" name="test_add_c[Task(breathe,BRIAN,True)]" time="0.00149703025818"></testcase><testcase classname="tests.func.test_add_variety2" file="tests/func/test_add_variety2.py" line="60" name="test_add_c[Task(exercise,BrIaN,False)]" time="0.00153756141663"></testcase><testcase classname="tests.func.test_api_exceptions.TestAdd" file="tests/func/test_api_exceptions.py" line="10" name="test_missing_summary" time="0.00120091438293"></testcase><testcase classname="tests.func.test_api_exceptions.TestAdd" file="tests/func/test_api_exceptions.py" line="15" name="test_done_not_bool" time="0.000346899032593"><skipped message="misunderstood the API" type="pytest.skip">tests/func/test_api_exceptions.py:15: &lt;py._xmlgen.raw object at 0x10a4c2f50&gt;</skipped></testcase><testcase classname="tests.func.test_api_exceptions" file="tests/func/test_api_exceptions.py" line="22" name="test_add_raises" time="0.000982046127319"></testcase><testcase classname="tests.func.test_api_exceptions" file="tests/func/test_api_exceptions.py" line="28" name="test_list_raises" time="0.00174617767334"></testcase><testcase classname="tests.func.test_api_exceptions" file="tests/func/test_api_exceptions.py" line="35" name="test_get_raises" time="0.000962972640991"></testcase><testcase classname="tests.func.test_api_exceptions.TestUpdate" file="tests/func/test_api_exceptions.py" line="46" name="test_bad_id" time="0.000555038452148"></testcase><testcase classname="tests.func.test_api_exceptions.TestUpdate" file="tests/func/test_api_exceptions.py" line="52" name="test_bad_task" time="0.000537872314453"></testcase><testcase classname="tests.func.test_api_exceptions" file="tests/func/test_api_exceptions.py" line="58" name="test_delete_raises" time="0.000526905059814"></testcase><testcase classname="tests.func.test_api_exceptions" file="tests/func/test_api_exceptions.py" line="63" name="test_start_tasks_db_raises" time="0.000531196594238"></testcase><testcase classname="tests.func.test_unique_id" file="tests/func/test_unique_id.py" line="5" name="test_unique_id" time="0.00111293792725"></testcase><testcase classname="tests.unit.test_cli" file="tests/unit/test_cli.py" line="13" name="test_list_no_args" time="0.0015652179718"></testcase><testcase classname="tests.unit.test_cli" file="tests/unit/test_cli.py" line="26" name="test_list_print_empty" time="0.00136494636536"></testcase><testcase classname="tests.unit.test_cli" file="tests/unit/test_cli.py" line="35" name="test_list_print_many_items" time="0.00124907493591"></testcase><testcase classname="tests.unit.test_cli" file="tests/unit/test_cli.py" line="55" name="test_list_dash_o" time="0.00155901908875"></testcase><testcase classname="tests.unit.test_cli" file="tests/unit/test_cli.py" line="62" name="test_list_dash_dash_owner" time="0.00168681144714"></testcase><testcase classname="tests.unit.test_task" file="tests/unit/test_task.py" line="4" name="test_asdict" time="0.000556945800781"></testcase><testcase classname="tests.unit.test_task" file="tests/unit/test_task.py" line="15" name="test_replace" time="0.000508069992065"></testcase><testcase classname="tests.unit.test_task" file="tests/unit/test_task.py" line="23" name="test_defaults" time="0.000574111938477"></testcase><testcase classname="tests.unit.test_task" file="tests/unit/test_task.py" line="30" name="test_member_access" time="0.00310206413269"></testcase></testsuite>